Debug is enabled.
============================= test session starts ==============================
platform linux -- Python 3.12.8, pytest-8.3.4, pluggy-1.5.0 -- /usr/local/bin/python3.12
cachedir: .pytest_cache
django: version: 5.1.5, settings: aquillm.settings (from option)
rootdir: /app
configfile: pytest.ini
plugins: django-4.9.0, cov-6.0.0, typeguard-4.4.1, anyio-4.8.0
collecting ... collected 0 items

============================ no tests ran in 0.03s =============================
